
---------------- phase 1 -----------------

|-------------|
|   K   |  I  |
|-------------|
|       |  -1 |
|-------------|
|       |  -1 |
|-------------|
|       |  -1 |
|-------------|
|       |  -1 |
|-------------|
|       |  -1 |
|-------------|
|       |  -1 |
|-------------|
|       |  -1 |
|-------------|
